// Jest Snapshot v1, https://goo.gl/fbAQLP

exports[`App renders the component 1`] = `"<div class=\\"app-container\\"><div class=\\"sc-bdVaJa hIGtMT\\"><img src=\\"https://www.rocketmiles.com/resources/images/logos/rocketmiles-two-tone-logo.png\\" class=\\"sc-bwzfXH iAtoAT\\"/></div><div class=\\"sc-cSHVUG gtKVBd\\"><div class=\\"sc-htpNat iMfrpM\\"><div class=\\"filters\\">Hotel name<input type=\\"text\\" class=\\"input\\" value=\\"\\"/>Price<select name=\\"\\" class=\\"select\\"><option selected=\\"\\" value=\\"recommended\\">Recommended</option><option value=\\"low-to-high\\">Price low-to-high</option><option value=\\"high-to-low\\">Price high-to-low</option></select><button class=\\"button\\">Reset</button></div></div><div class=\\"sc-gqjmRU cQRTIW\\"><div class=\\"sc-gZMcBi cAFfKU\\"><div class=\\"la-line-scale la-2x\\"><div></div><div></div><div></div><div></div><div></div></div></div></div></div></div>"`;
