// Jest Snapshot v1, https://goo.gl/fbAQLP

exports[`FilterSidebar should display with default values 1`] = `"<div class=\\"sc-bdVaJa jowjtx\\"><div class=\\"filters\\">Hotel name<input type=\\"text\\" class=\\"input\\" value=\\"\\"/>Price<select name=\\"\\" class=\\"select\\"><option selected=\\"\\" value=\\"recommended\\">Recommended</option><option value=\\"low-to-high\\">Price low-to-high</option><option value=\\"high-to-low\\">Price high-to-low</option></select><button class=\\"button\\">Reset</button></div></div>"`;
